// Jest Snapshot v1, https://goo.gl/fbAQLP

exports[`Recognition list Component test should equal snapshot 1`] = `
<DocumentFragment>
  <div
    class="sc-Axmtr cRMTYu"
  />
</DocumentFragment>
`;
