// Jest Snapshot v1, https://goo.gl/fbAQLP

exports[`Recognition Card Component test should equal snapshot 1`] = `
<DocumentFragment>
  <div
    class="sc-AxheI dPJEXg card"
  >
    <div
      class="card-body"
    >
      <div
        class="row"
      >
        <div
          class="col-md-7 col-sm-12"
        >
          <div>
            <div
              class="d-flex justify-content-end"
            >
              <button
                class="bg-white font-weight-bold text-dark btn-outline-light btn btn-primary"
                type="button"
              >
                ...
              </button>
            </div>
            <div
              class="d-flex flex-row"
            >
              <div
                class="sc-AxjAm fxHfgf"
              >
                <img
                  alt="Profile"
                  class="img-fluid rounded-circle"
                  src="https://i.picsum.photos/id/2/200/200.jpg"
                />
              </div>
              <div
                class="text-start ml-2"
              >
                <label
                  class="font-weight-bold  form-label"
                >
                  David
                </label>
                <div>
                  <label
                    class="form-label"
                  >
                     got a high five for
                  </label>
                  <label
                    class="ml-1 font-weight-bold form-label"
                  >
                    positive
                  </label>
                </div>
                <label
                  class="text-muted form-label"
                >
                  Today 10:30 AM
                </label>
              </div>
            </div>
          </div>
          <img
            alt="Core value"
            class="sc-AxhUy kJQIQs d-sm-block d-md-none mt-2 img-fluid"
            src="https://i.picsum.photos/id/654/300/200.jpg"
          />
          <div>
            <fieldset
              class="sc-AxirZ ezZqni"
            >
              <legend
                class="sc-AxiKw bKVdiB"
              >
                â€œ
              </legend>
              <label
                class="px-2 pb-2 pt-0 form-label"
              >
                give high five for good work
              </label>
            </fieldset>
            <div
              class="d-flex justify-content-end w-100"
            >
              <label
                class="font-weight-bold text-dark form-label"
              >
                Roy
              </label>
              <img
                alt="Profile"
                class="sc-AxhCb gqtipY img-fluid rounded-circle"
                src="https://i.picsum.photos/id/2/200/200.jpg"
              />
            </div>
          </div>
        </div>
        <div
          class="d-none d-md-block text-center col"
        >
          <div>
            <img
              alt="Core value"
              class="sc-AxhUy kJQIQs mt-2 img-fluid"
              src="https://i.picsum.photos/id/654/300/200.jpg"
            />
          </div>
          <svg
            class="mt-4"
            fill="currentColor"
            height="50px"
            stroke="currentColor"
            stroke-width="0"
            viewBox="0 0 16 16"
            width="50px"
            xmlns="http://www.w3.org/2000/svg"
          >
            <path
              clip-rule="evenodd"
              d="M8 15A7 7 0 108 1a7 7 0 000 14zm0 1A8 8 0 108 0a8 8 0 000 16z"
              fill-rule="evenodd"
            />
          </svg>
        </div>
      </div>
      <div
        class="sc-AxgMl dPZjCr"
      >
        <img
          alt="High five recognition"
          class="img-fluid"
          src="/assets/images//high-five.png"
        />
      </div>
      <div
        class="bg-white card-footer"
      >
        <span
          class="font-weight-bold text-muted"
        >
          +
        </span>
        <span
          class="font-weight-bold text-dark"
        >
          1
        </span>
      </div>
    </div>
  </div>
</DocumentFragment>
`;
